main.cpp:311:6:void DMATransferComplete(DMA_HandleTypeDef*)	16	static
main.cpp:317:6:void HAL_ADC_ConvHalfCpltCallback(ADC_HandleTypeDef*)	16	static
main.cpp:118:8:Movement_Command::Movement_Command()	16	static
main.cpp:379:6:void HAL_UART_RxCpltCallback(UART_HandleTypeDef*)	32	static
main.cpp:449:5:int main()	8	static
main.cpp:575:6:void SystemClock_Config()	88	static
main.cpp:674:13:void MX_TIM2_Init()	56	static
main.cpp:723:13:void MX_TIM3_Init()	56	static
main.cpp:772:13:void MX_TIM4_Init()	64	static
main.cpp:831:13:void MX_TIM8_Init()	96	static
main.cpp:910:13:void MX_USART3_UART_Init()	8	static
main.cpp:941:13:void MX_DMA_Init()	16	static
main.cpp:962:13:void MX_GPIO_Init()	48	static
main.cpp:1063:6:void set_motor_forward()	8	static
main.cpp:1074:6:void set_motor_backward()	8	static
main.cpp:1085:6:void set_motor_stop()	8	static
main.cpp:1096:6:void set_motor_brake()	8	static
main.cpp:1107:6:void set_steering_forward()	8	static
main.cpp:1115:6:void set_steering_right()	8	static
main.cpp:1123:6:void set_steering_left()	8	static
main.cpp:1132:6:void calibrate_steering_center(MOVEMENT_DIRECTION_TYPE)	16	static
main.cpp:1153:6:void disconnect_steering()	8	static
main.cpp:1215:10:uint32_t get_encoder_delta(uint32_t, uint32_t, TIM_HandleTypeDef*)	24	static
main.cpp:1246:13:void command_to_encoder_counts(Movement_Command)	40	static
main.cpp:1299:6:void StartDefaultTask(void*)	16	static
main.cpp:1317:6:void movement_task(void*)	88	static
main.cpp:1492:6:void RPI_Transmit_Task(void*)	120	static
main.cpp:1602:6:void HAL_TIM_PeriodElapsedCallback(TIM_HandleTypeDef*)	16	static
main.cpp:1619:6:void Error_Handler()	4	static,ignoring_inline_asm
main.cpp:1628:1:void __static_initialization_and_destruction_0(int, int)	24	static
main.cpp:1628:1:cpp)	8	static
