main.cpp:266:6:void DMATransferComplete(DMA_HandleTypeDef*)	16	static
main.cpp:272:6:void HAL_ADC_ConvHalfCpltCallback(ADC_HandleTypeDef*)	16	static
main.cpp:297:6:void HAL_TIM_IC_CaptureCallback(TIM_HandleTypeDef*)	24	static
main.cpp:105:8:Movement_Command::Movement_Command()	16	static
main.cpp:334:6:void HAL_UART_RxCpltCallback(UART_HandleTypeDef*)	32	static
main.cpp:404:5:int main()	8	static
main.cpp:529:6:void SystemClock_Config()	88	static
main.cpp:569:13:void MX_TIM1_Init()	48	static
main.cpp:628:13:void MX_TIM2_Init()	56	static
main.cpp:677:13:void MX_TIM3_Init()	56	static
main.cpp:726:13:void MX_TIM4_Init()	64	static
main.cpp:785:13:void MX_TIM8_Init()	96	static
main.cpp:864:13:void MX_USART3_UART_Init()	8	static
main.cpp:895:13:void MX_DMA_Init()	16	static
main.cpp:916:13:void MX_GPIO_Init()	48	static
main.cpp:1018:6:void delay_microsecond(uint16_t)	24	static
main.cpp:1025:6:void HCSR04_Read()	8	static
main.cpp:1035:6:void set_motor_forward()	8	static
main.cpp:1046:6:void set_motor_backward()	8	static
main.cpp:1057:6:void set_motor_stop()	8	static
main.cpp:1068:6:void set_motor_brake()	8	static
main.cpp:1079:6:void set_steering_forward()	8	static
main.cpp:1087:6:void set_steering_right()	8	static
main.cpp:1095:6:void set_steering_left()	8	static
main.cpp:1102:6:void disconnect_steering()	8	static
main.cpp:1108:6:void calibrate_steering_center(MOVEMENT_DIRECTION_TYPE)	16	static
main.cpp:1134:10:uint32_t get_encoder_delta(uint32_t, uint32_t, TIM_HandleTypeDef*)	24	static
main.cpp:1164:6:void command_to_encoder_counts(Movement_Command, uint32_t*, uint32_t*)	40	static
main.cpp:1206:13:bool encoder_within_bounds(uint32_t, uint32_t)	16	static
main.cpp:1228:6:void StartDefaultTask(void*)	16	static
main.cpp:1246:6:void movement_task(void*)	80	static
main.cpp:1437:6:void RPI_Transmit_Task(void*)	136	static
main.cpp:1508:6:void ultrasonic_task(void*)	16	static
main.cpp:1554:6:void HAL_TIM_PeriodElapsedCallback(TIM_HandleTypeDef*)	16	static
main.cpp:1571:6:void Error_Handler()	4	static,ignoring_inline_asm
