PIDController.cpp:16:1:PID::PID(volatile double*, volatile double*, volatile double*, double, double, double, int, int)	48	static
PIDController.cpp:40:1:PID::PID(volatile double*, volatile double*, volatile double*, double, double, double, int)	56	static
PIDController.cpp:54:6:bool PID::Compute(long unsigned int)	56	static
PIDController.cpp:98:6:void PID::SetTunings(double, double, double, int)	48	static
PIDController.cpp:123:6:void PID::SetTunings(double, double, double)	40	static
PIDController.cpp:130:6:void PID::SetSampleTime(int)	32	static
PIDController.cpp:150:6:void PID::SetOutputLimits(double, double)	40	static
PIDController.cpp:171:6:void PID::SetMode(int)	24	static
PIDController.cpp:185:6:void PID::Initialize()	16	static
PIDController.cpp:199:6:void PID::SetControllerDirection(int)	16	static
PIDController.cpp:215:8:double PID::GetKp()	16	static
PIDController.cpp:216:8:double PID::GetKi()	16	static
PIDController.cpp:217:8:double PID::GetKd()	16	static
PIDController.cpp:218:5:int PID::GetMode()	16	static
PIDController.cpp:219:5:int PID::GetDirection()	16	static
