main.c:113:10:adc_to_distance	24	static
main.c:125:5:main	8	static
main.c:210:6:SystemClock_Config	88	static
main.c:250:13:MX_ADC1_Init	24	static
main.c:306:13:MX_DMA_Init	16	static
main.c:324:13:MX_GPIO_Init	40	static
main.c:346:6:HAL_ADC_ConvHalfCpltCallback	16	static
main.c:352:6:HAL_ADC_ConvCpltCallback	16	static
main.c:366:6:StartDefaultTask	16	static
main.c:384:6:infrared_task	16	static
main.c:404:6:oled_task	64	static
main.c:431:6:HAL_TIM_PeriodElapsedCallback	16	static
main.c:448:6:Error_Handler	4	static,ignoring_inline_asm
